this is a man
1th update
2th update
3th update
4th update
5th update
CHANGE
7th update
7th change
9th change
10th change
change 11
change 12
change 13
change gitmaster
change 14
say bitch to the world!!
say hello to the world!